// Jest Snapshot v1, https://goo.gl/fbAQLP

exports[`renders correctly 1`] = `
<div
  className="Data"
>
  <table
    className="table table-bordered mt-4"
  >
    <thead>
      <tr
        className="text-center"
      >
        <th
          className="fs-4"
          scope="col"
        />
        <th
          className="fs-4"
          colSpan={4}
          scope="col"
        >
          ETF (USD)
        </th>
        <th
          className="fs-4"
          colSpan={4}
          scope="col"
        >
          Bonds (PLN)
        </th>
        <th
          className="fs-4"
          colSpan={3}
          scope="col"
        >
          Distribution
        </th>
        <th
          className="fs-4"
          colSpan={5}
          scope="col"
        >
          Total PLN
        </th>
        <th
          className="fs-4"
          colSpan={1}
          scope="col"
        >
          Actions
        </th>
      </tr>
    </thead>
    <tbody>
      <tr
        className="text-center"
      >
        <td
          className="fw-bolder"
        >
          Date
        </td>
        <td
          className="fw-bolder"
        >
          Capital
        </td>
        <td
          className="fw-bolder"
        >
          Total
        </td>
        <td
          className="fw-bolder"
        >
          Profit (USD)
        </td>
        <td
          className="fw-bolder"
        >
          Profit %
        </td>
        <td
          className="fw-bolder"
        >
          Capital
        </td>
        <td
          className="fw-bolder"
        >
          Total
        </td>
        <td
          className="fw-bolder"
        >
          Profit (USD)
        </td>
        <td
          className="fw-bolder"
        >
          Profit %
        </td>
        <td
          className="fw-bolder"
        >
          ETF %
        </td>
        <td
          className="fw-bolder"
        >
          Bonds %
        </td>
        <td
          className="fw-bolder"
        >
          USD/PLN
        </td>
        <td
          className="fw-bolder"
        >
          Capital
        </td>
        <td
          className="fw-bolder"
        >
          Total
        </td>
        <td
          className="fw-bolder"
        >
          Profit PLN
        </td>
        <td
          className="fw-bolder"
        >
          Profit %
        </td>
        <td
          className="fw-bolder"
        >
          Accumulated Inflation
        </td>
        <td
          className="fw-bolder"
        />
      </tr>
    </tbody>
  </table>
</div>
`;
